../Core/Src/main.c:79:5:main	16	static
../Core/Src/main.c:138:6:SystemClock_Config	72	static
../Core/Src/main.c:175:13:MX_TIM2_Init	32	static
../Core/Src/main.c:220:13:MX_USART1_UART_Init	8	static
../Core/Src/main.c:253:13:MX_GPIO_Init	32	static
../Core/Src/main.c:283:6:toggle_led_1	8	static
../Core/Src/main.c:288:6:toggle_led_2	8	static
../Core/Src/main.c:293:6:toggle_led_3	8	static
../Core/Src/main.c:298:6:toggle_led_4	8	static
../Core/Src/main.c:303:6:toggle_led_5	8	static
../Core/Src/main.c:308:6:toggle_led_6	8	static
../Core/Src/main.c:314:6:UART_Print	16	static
../Core/Src/main.c:323:6:Error_Handler	4	static,ignoring_inline_asm
