../Core/Src/scheduler_1.c:20:6:SCH_Init	16	static
../Core/Src/scheduler_1.c:41:10:SCH_Add_Task	56	static
../Core/Src/scheduler_1.c:108:6:SCH_Update	16	static
../Core/Src/scheduler_1.c:122:6:SCH_Dispatch_Tasks	8	static
../Core/Src/scheduler_1.c:144:9:SCH_Delete_Task	32	static
../Core/Src/scheduler_1.c:188:6:SCH_RescheduleTask	24	static
../Core/Src/scheduler_1.c:222:6:SCH_Go_To_Sleep	4	static
../Core/Src/scheduler_1.c:226:6:Error_Output	72	static
../Core/Src/scheduler_1.c:265:6:SCH_Report_Status	4	static
