../Core/Src/scheduler_1.c:20:6:SCH_Init	16	static
../Core/Src/scheduler_1.c:39:10:SCH_Add_Task	56	static
../Core/Src/scheduler_1.c:112:6:SCH_Update	16	static
../Core/Src/scheduler_1.c:126:6:SCH_Dispatch_Tasks	8	static
../Core/Src/scheduler_1.c:148:9:SCH_Delete_Task	32	static
../Core/Src/scheduler_1.c:192:6:SCH_RescheduleTask	24	static
../Core/Src/scheduler_1.c:226:6:SCH_Go_To_Sleep	4	static
../Core/Src/scheduler_1.c:230:6:Error_Output	72	static
../Core/Src/scheduler_1.c:269:6:SCH_Report_Status	4	static
